{
  "hot-nimbus-pps_v1.0.yaml": {
    "errorMessageList": [
      {
        "level": "WARNING",
        "message": "Server Name not aligned with Guidelines, Resource ID [nova_server_ilegal_name_1]"
      },
      {
        "level": "WARNING",
        "message": "Server Name not aligned with Guidelines, Resource ID [nova_server_ilegal_name_2]"
      },
      {
        "level": "WARNING",
        "message": "Server Name not aligned with Guidelines, Resource ID [nova_server_ilegal_name_3]"
      },
      {
        "level": "WARNING",
        "message": "Server Name not aligned with Guidelines, Resource ID [nova_server_ilegal_name_4]"
      },
      {
        "level": "WARNING",
        "message": "Server Name not aligned with Guidelines, Resource ID [nova_server_ilegal_name_5]"
      }
    ]
  },
  "nested-pps_v1.0.yaml": {
    "errorMessageList": [
      {
        "level": "WARNING",
        "message": "Missing VF_MODULE_ID resource id [pcrf_server_pps]"
      },
      {
        "level": "WARNING",
        "message": "Server Name not aligned with Guidelines, Resource ID [pcrf_server_pps]"
      },
      {
        "level": "WARNING",
        "message": "Fixed_IPS not aligned with Guidelines, Resource ID [pcrf_pps_port_0]"
      }
    ]
  },
  "MANIFEST.json": {
    "errorMessageList": [
      {
        "level": "WARNING",
        "message": "Missing Base HEAT. Pay attention that without Base HEAT, there will be no shared resources"
      }
    ]
  }
}