topology_template:
  node_templates:
    pnfExtCp_1:
      type: org.openecomp.resource.cp.v2.extCP
      properties:
        ip_requirements:
          - assingment_method: dhcp
            ip_version: 4
          - assingment_method: dhcp
            ip_version: 6
        description_converted: External connection point to access this pnf