topology_template:
  node_templates:
    pnfExtCp_1:
      properties:
        anObjectAttribute_copy:
          anyAttribute: anyAttributeValue