topology_template:
  node_templates:
    pnfExtCp_1:
      properties:
        layer_protocols_copy:
          - ipv4
          - ipv6
          - otherProtocol