topology_template:
  node_templates:
    pnfExtCp_1:
      properties:
        ip_requirements:
          - assingment_method: dhcp
            ip_version: 4
          - assingment_method: dhcp
            ip_version: 6